lib/scoring/engine.ts(21,78): error TS2345: Argument of type '{ p_match_id: string; p_toss_winner_id: string; p_toss_decision: "bat" | "bowl"; p_playing_xi_a: string[]; p_playing_xi_b: string[]; p_opening_striker_id: string; p_opening_non_striker_id: string; p_opening_bowler_id: string; }' is not assignable to parameter of type 'undefined'.
lib/scoring/engine.ts(51,94): error TS2345: Argument of type '{ p_match_id: string; p_runs_bat: number; p_runs_extra: number; p_extra_type: ExtraType | null; p_is_wicket: boolean; p_wicket_type: WicketType | null; p_wicket_player_id: string | null; p_fielder_id: string | null; }' is not assignable to parameter of type 'undefined'.
lib/scoring/engine.ts(82,96): error TS2345: Argument of type '{ p_match_id: string; p_opening_striker_id: string; p_opening_non_striker_id: string; p_opening_bowler_id: string; }' is not assignable to parameter of type 'undefined'.
lib/scoring/engine.ts(102,98): error TS2345: Argument of type '{ p_match_id: string; }' is not assignable to parameter of type 'undefined'.
lib/scoring/engine.ts(117,98): error TS2345: Argument of type '{ p_match_id: string; p_new_player_id: string; p_is_striker: boolean; }' is not assignable to parameter of type 'undefined'.
lib/scoring/engine.ts(134,98): error TS2345: Argument of type '{ p_match_id: string; p_new_player_id: string; }' is not assignable to parameter of type 'undefined'.
